// Jest Snapshot v1, https://goo.gl/fbAQLP

exports[`CodeWrapper should render correctly 1`] = `
<DocumentFragment>
  <section />
</DocumentFragment>
`;
