// Jest Snapshot v1, https://goo.gl/fbAQLP

exports[`AnimatedGradientText renders correctly 1`] = `null`;
