// Jest Snapshot v1, https://goo.gl/fbAQLP

exports[`CodeSandbox renders correctly 1`] = `null`;
