// Jest Snapshot v1, https://goo.gl/fbAQLP

exports[`BorderBeam renders correctly 1`] = `null`;
