// Jest Snapshot v1, https://goo.gl/fbAQLP

exports[`Checkbox renders correctly 1`] = `
<DocumentFragment>
  <div
    class="relative flex items-center justify-center"
  >
    <input
      class="peer h-4 w-4 cursor-pointer appearance-none rounded border border-white bg-zinc-100 ring-1 ring-zinc-200 checked:!border-indigo-400/50 checked:!bg-indigo-500 checked:!ring-indigo-600 dark:border-zinc-800 dark:bg-zinc-900 dark:ring-zinc-800/50"
      type="checkbox"
    />
    <svg
      class="pointer-events-none absolute hidden text-white peer-checked:block"
      fill="none"
      height="12"
      viewBox="0 0 20 20"
      width="12"
      xmlns="http://www.w3.org/2000/svg"
    >
      <path
        d="M16.25 5L7.5 15L3.75 11.25"
        stroke="currentColor"
        stroke-linecap="round"
        stroke-linejoin="round"
        stroke-width="1.25"
      />
    </svg>
  </div>
</DocumentFragment>
`;
