// Jest Snapshot v1, https://goo.gl/fbAQLP

exports[`BackgroundScene renders correctly 1`] = `null`;
