// Jest Snapshot v1, https://goo.gl/fbAQLP

exports[`CopyToClipboard renders correctly 1`] = `null`;
