// Jest Snapshot v1, https://goo.gl/fbAQLP

exports[`Breadcrumbs renders correctly 1`] = `null`;

exports[`Breadcrumbs renders with no links 1`] = `null`;
