// Jest Snapshot v1, https://goo.gl/fbAQLP

exports[`Chip renders correctly 1`] = `null`;

exports[`Chip renders correctly with isActive set to true 1`] = `null`;
