// Jest Snapshot v1, https://goo.gl/fbAQLP

exports[`AnimatedShinyText renders correctly 1`] = `null`;
