// Jest Snapshot v1, https://goo.gl/fbAQLP

exports[`Details renders correctly 1`] = `null`;

exports[`Details renders correctly with badges 1`] = `null`;

exports[`Details renders correctly with links 1`] = `null`;
