// Jest Snapshot v1, https://goo.gl/fbAQLP

exports[`Card renders correctly 1`] = `
<DocumentFragment>
  <section
    class="items-start gap-3 rounded-3xl"
  >
    <a>
      <img
        alt="DynamicImage"
        src="http://example.com/static/light.png"
      />
    </a>
    <section
      class="mt-2 items-start"
    >
      <a>
        <h1
          class="text-lg"
          level="b"
        >
          test title
        </h1>
      </a>
      <p
        class="!text-sm"
      >
        Sample description
      </p>
    </section>
    <section
      class="mt-2 !flex-row gap-1.5"
    >
      <section
        class="!flex-row gap-1.5 text-zinc-400"
      >
        <svg
          fill="none"
          height="16"
          viewBox="0 0 24 24"
          width="16"
          xmlns="http://www.w3.org/2000/svg"
        >
          <g
            clip-path="url(#clip0_2403_2502)"
          >
            <path
              d="M18 5H6C4.89543 5 4 5.89543 4 7V19C4 20.1046 4.89543 21 6 21H18C19.1046 21 20 20.1046 20 19V7C20 5.89543 19.1046 5 18 5Z"
              stroke="currentColor"
              stroke-linecap="round"
              stroke-linejoin="round"
              stroke-width="1.5"
            />
            <path
              d="M16 3V7"
              stroke="currentColor"
              stroke-linecap="round"
              stroke-linejoin="round"
              stroke-width="1.5"
            />
            <path
              d="M8 3V7"
              stroke="currentColor"
              stroke-linecap="round"
              stroke-linejoin="round"
              stroke-width="1.5"
            />
            <path
              d="M4 11H20"
              stroke="currentColor"
              stroke-linecap="round"
              stroke-linejoin="round"
              stroke-width="1.5"
            />
            <path
              d="M10 15H8V17H10V15Z"
              stroke="currentColor"
              stroke-linecap="round"
              stroke-linejoin="round"
              stroke-width="1.5"
            />
          </g>
          <defs>
            <clippath
              id="clip0_2403_2502"
            >
              <rect
                fill="white"
                height="24"
                width="24"
              />
            </clippath>
          </defs>
        </svg>
        <span
          class="!text-xs !text-inherit"
        >
          Published at:
        </span>
      </section>
      <p
        class="!text-xs"
      >
        February 22, 2025
      </p>
    </section>
    <section
      class="!flex-row gap-1.5"
    >
      <span
        class="!px-2 !py-1 !text-xs"
        color="indigo"
        rounded="default"
      >
        javascript
      </span>
      <span
        class="!px-2 !py-1 !text-xs"
        color="indigo"
        rounded="default"
      >
        nodejs
      </span>
    </section>
  </section>
</DocumentFragment>
`;
