// Jest Snapshot v1, https://goo.gl/fbAQLP

exports[`Callout should match snapshot 1`] = `null`;

exports[`Callout should match snapshot 2`] = `null`;

exports[`Callout should match snapshot 3`] = `null`;

exports[`Callout should match snapshot 4`] = `null`;
