// Jest Snapshot v1, https://goo.gl/fbAQLP

exports[`AppleNavbarLayout renders correctly 1`] = `null`;
